---
source: tests/diagnostics.rs
expression: summary
---
- code: unresolved-import
  end_char: 28
  line: 3
  message: "Could not resolve module: 'made.up'"
  severity: Error
  start_char: 14
- code: unresolved-import
  end_char: 27
  line: 11
  message: "Could not resolve module: 'made.up'"
  severity: Error
  start_char: 16
